  Wiederherzustellende Projekte werden ermittelt...
  "C:\Git\time-tracking\backend\TimeTracking.Api.csproj" wiederhergestellt (in 340 ms.).
